// Jest Snapshot v1, https://goo.gl/fbAQLP

exports[`AddToCartButton rendering initial state is rendered 1`] = `
<div
  className="sc-bdVaJa jOColq"
>
  <a
    href="www.testurl.com"
    rel="noopener noreferrer"
    target="_blank"
  >
    <button
      className="sc-bwzfXH gQLsoL"
    >
      Buy on BestBuy.com
    </button>
  </a>
</div>
`;
